// insert a single import declaration
/*comment*/ package foo

import "fmt"

func HelloWorld() {
	fmt.Println("Hello, World!")
}
