// merge import declarations with comments
package main

// doc comment (1)
// doc comment (2)
import (
	// doc comment for context
	"context"
	// doc comment for fmt
	"fmt"

	// doc comment for bar
	"github.com/homuler/bar"
	"github.com/homuler/foo"

	// doc comment for baz
	"local/baz"
	"local/qux" // comment for qux
)

var (
	x = foo.X
	y = bar.Y
	w = baz.W
	z = qux.Z
)

func main() {
	fmt.Println(context.Background())
	fmt.Printf("%v %v %v %v\n", x, y, w, z)
}
