// merge comments
package foo

import /* prelparen comment */  // prelparen comment
(      /* postlparen comment */ // postlparen comment
// bottom comment
) // postrparen comment
// footer comment
