// merge empty import declarations
package main

import ( /*postlparen
comment*/
// bottom comment
)
