// merge empty import declarations
package main

// doc comment
import ( /* postlparen comment */ )
