// merge named import declarations
package main

import (
	"context"
	"fmt"
	f "fmt"
)

func main() {
	fmt.Println(context.Background())
	f.Printf("%v %v %v %v\n", x, y, w, z)
}
