// merge empty import declarations
package main

import (
	_ "fmt"
)
